[
  {
    "name": "SearchDocuments",
    "description": "Search and retrieve documents from CloudSearch domain for RAG and retrieval chains",
    "method": "GET",
    "path": "/2013-01-01/search",
    "input_schema": {
      "type": "object",
      "properties": {
        "q": {
          "type": "string",
          "description": "Search query string",
          "required": true
        },
        "queryParser": {
          "type": "string", 
          "enum": ["simple", "structured", "lucene", "dismax"],
          "default": "simple"
        },
        "size": {
          "type": "integer",
          "minimum": 1,
          "maximum": 500,
          "default": 10
        },
        "start": {
          "type": "integer",
          "minimum": 0,
          "default": 0
        },
        "sort": {"type": "string"},
        "facet": {"type": "string"},
        "fq": {"type": "string"},
        "highlight": {"type": "string"},
        "return": {"type": "string"}
      },
      "required": ["q"]
    },
    "output_schema": {
      "type": "object",
      "properties": {
        "hits": {
          "type": "object",
          "properties": {
            "found": {"type": "integer"},
            "start": {"type": "integer"},
            "hit": {"type": "array"}
          }
        },
        "facets": {"type": "object"},
        "stats": {"type": "object"}
      }
    },
    "auth": {
      "type": "aws_signature_v4",
      "required": true
    },
    "rate_limits": {
      "requests_per_minute": 1000,
      "burst_limit": 100
    },
    "error_codes": {
      "400": "Invalid search parameters",
      "500": "Internal service error"
    }
  },
  {
    "name": "GetSuggestions",
    "method": "GET", 
    "path": "/2013-01-01/suggest",
    "input_schema": {
      "type": "object",
      "properties": {
        "q": {
          "type": "string",
          "description": "Partial query string",
          "required": true
        },
        "suggester": {
          "type": "string",
          "description": "Suggester name to use",
          "required": true
        },
        "size": {
          "type": "integer",
          "minimum": 1,
          "maximum": 100,
          "default": 10
        }
      },
      "required": ["q", "suggester"]
    },
    "output_schema": {
      "type": "object",
      "properties": {
        "suggest": {
          "type": "object",
          "properties": {
            "query": {"type": "string"},
            "found": {"type": "integer"},
            "suggestions": {"type": "array"}
          }
        }
      }
    },
    "auth": {
      "type": "aws_signature_v4",
      "required": true
    },
    "rate_limits": {
      "requests_per_minute": 2000,
      "burst_limit": 200
    },
    "error_codes": {
      "400": "Invalid suggestion parameters",
      "404": "Suggester not found"
    }
  },
  {
    "name": "UploadDocuments",
    "method": "POST",
    "path": "/2013-01-01/documents/batch",
    "input_schema": {
      "type": "object",
      "properties": {
        "Content-Type": {
          "type": "string",
          "enum": ["application/json", "application/xml"],
          "required": true
        },
        "body": {
          "type": "object",
          "properties": {
            "documents": {
              "type": "string",
              "description": "JSON/XML batch of documents",
              "required": true
            }
          }
        }
      },
      "required": ["Content-Type", "body"]
    },
    "output_schema": {
      "type": "object",
      "properties": {
        "status": {"type": "string"},
        "adds": {"type": "integer"},
        "deletes": {"type": "integer"},
        "errors": {"type": "array"}
      }
    },
    "auth": {
      "type": "aws_signature_v4",
      "required": true
    },
    "rate_limits": {
      "requests_per_minute": 100,
      "burst_limit": 10,
      "batch_size_limit": "5MB"
    },
    "error_codes": {
      "400": "Invalid document format",
      "413": "Batch size exceeds limit",
      "429": "Rate limit exceeded"
    }
  }
]